// Jest Snapshot v1, https://goo.gl/fbAQLP

exports[`renders correctly 1`] = `
<button
  className="rounded shadow-md flex items-center shadow bg-blue-500 px-4 py-2 text-white hover:bg-blue-600"
  onClick={[Function]}
>
  Some Text
</button>
`;
